// Jest Snapshot v1, https://goo.gl/fbAQLP

exports[`Theme styled component and redux 1`] = `
<RCTSafeAreaView
  emulateUnlessSupported={true}
  style={
    Array [
      Object {
        "backgroundColor": "#ecf0f1",
        "flexBasis": 0,
        "flexGrow": 1,
        "flexShrink": 1,
      },
    ]
  }
>
  <View
    style={
      Array [
        Object {
          "alignItems": "center",
          "backgroundColor": "#f1c40f",
          "flexDirection": "row",
          "justifyContent": "space-between",
          "paddingBottom": 15,
          "paddingLeft": 15,
          "paddingRight": 15,
          "paddingTop": 15,
        },
      ]
    }
  >
    <TextInput
      allowFontScaling={true}
      onChangeText={[Function]}
      placeholder="Digite o nome"
      rejectResponderTermination={true}
      style={
        Array [
          Object {
            "backgroundColor": "white",
            "borderColor": "#ecf0f1",
            "borderRadius": 5,
            "borderStyle": "solid",
            "borderWidth": 1,
            "color": "#191919",
            "height": 45,
            "paddingBottom": 10,
            "paddingLeft": 10,
            "paddingRight": 10,
            "paddingTop": 10,
            "width": "50%",
          },
        ]
      }
      testID="input-title"
      underlineColorAndroid="transparent"
      value=""
    />
    <TextInput
      allowFontScaling={true}
      keyboardType="numeric"
      onChangeText={[Function]}
      options={
        Object {
          "format": "YYYY",
        }
      }
      placeholder="Ano"
      rejectResponderTermination={true}
      style={
        Array [
          Object {
            "backgroundColor": "white",
            "borderColor": "#ecf0f1",
            "borderRadius": 5,
            "borderStyle": "solid",
            "borderWidth": 1,
            "color": "#191919",
            "height": 45,
            "paddingBottom": 10,
            "paddingLeft": 10,
            "paddingRight": 10,
            "paddingTop": 10,
            "width": "30%",
          },
        ]
      }
      type="datetime"
      underlineColorAndroid="transparent"
      value=""
    />
    <View
      accessible={true}
      focusable={true}
      onClick={[Function]}
      onResponderGrant={[Function]}
      onResponderMove={[Function]}
      onResponderRelease={[Function]}
      onResponderTerminate={[Function]}
      onResponderTerminationRequest={[Function]}
      onStartShouldSetResponder={[Function]}
      style={
        Object {
          "opacity": 1,
        }
      }
      testID="button-submit"
    >
      <Text
        allowFontScaling={false}
        style={
          Array [
            Object {
              "color": "#191919",
              "fontSize": 30,
            },
            undefined,
            Object {
              "fontFamily": "FontAwesome",
              "fontStyle": "normal",
              "fontWeight": "normal",
            },
            Object {},
          ]
        }
      >
        
      </Text>
    </View>
  </View>
  <View
    style={
      Array [
        Object {
          "flexDirection": "row",
          "justifyContent": "space-between",
          "paddingBottom": 15,
          "paddingLeft": 15,
          "paddingRight": 15,
          "paddingTop": 15,
        },
      ]
    }
  >
    <View
      accessible={true}
      focusable={true}
      onClick={[Function]}
      onResponderGrant={[Function]}
      onResponderMove={[Function]}
      onResponderRelease={[Function]}
      onResponderTerminate={[Function]}
      onResponderTerminationRequest={[Function]}
      onStartShouldSetResponder={[Function]}
      style={
        Object {
          "opacity": 1,
        }
      }
    >
      <Text
        style={
          Array [
            Object {
              "color": "#191919",
              "fontSize": 16,
            },
          ]
        }
      >
        Organizar por titúlo
      </Text>
    </View>
    <View
      accessible={true}
      focusable={true}
      onClick={[Function]}
      onResponderGrant={[Function]}
      onResponderMove={[Function]}
      onResponderRelease={[Function]}
      onResponderTerminate={[Function]}
      onResponderTerminationRequest={[Function]}
      onStartShouldSetResponder={[Function]}
      style={
        Object {
          "opacity": 1,
        }
      }
    >
      <Text
        style={
          Array [
            Object {
              "color": "#191919",
              "fontSize": 16,
            },
          ]
        }
      >
        A - z
      </Text>
    </View>
  </View>
  <RCTScrollView
    style={
      Array [
        Object {},
      ]
    }
  >
    <View>
      <View
        style={
          Array [
            Object {
              "flexDirection": "row",
              "flexWrap": "wrap",
              "justifyContent": "space-between",
              "paddingBottom": 15,
              "paddingLeft": 15,
              "paddingRight": 15,
              "paddingTop": 15,
            },
          ]
        }
      />
    </View>
  </RCTScrollView>
</RCTSafeAreaView>
`;
